CRITICAL - 2026-05-04 07:44:11 --> ErrorException: Undefined variable $proff
[Method: GET, Route: aplikasi_crash]
in APPPATH\Views\layouts\thema_admin.php on line 0.
 1 APPPATH\Views\layouts\thema_admin.php(0): CodeIgniter\Debug\Exceptions->errorHandler()
 2 SYSTEMPATH\View\View.php(224): include('C:\\appraporsmaref25\\wwwroot\\app\\Views\\layouts\\thema_admin.php')
 3 SYSTEMPATH\View\View.php(227): CodeIgniter\View\View->CodeIgniter\View\{closure}()
 4 SYSTEMPATH\Common.php(1173): CodeIgniter\View\View->render()
 5 APPPATH\Controllers\Dashboard.php(0): view()
 6 SYSTEMPATH\CodeIgniter.php(933): App\Controllers\Dashboard->aplikasi_crash()
 7 SYSTEMPATH\CodeIgniter.php(507): CodeIgniter\CodeIgniter->runController()
 8 SYSTEMPATH\CodeIgniter.php(354): CodeIgniter\CodeIgniter->handleRequest()
 9 SYSTEMPATH\Boot.php(334): CodeIgniter\CodeIgniter->run()
10 SYSTEMPATH\Boot.php(67): CodeIgniter\Boot::runCodeIgniter()
11 FCPATH\index.php(56): CodeIgniter\Boot::bootWeb()
CRITICAL - 2026-05-04 07:44:12 --> ErrorException: Undefined variable $proff
[Method: GET, Route: aplikasi_crash]
in APPPATH\Views\layouts\thema_admin.php on line 0.
 1 APPPATH\Views\layouts\thema_admin.php(0): CodeIgniter\Debug\Exceptions->errorHandler()
 2 SYSTEMPATH\View\View.php(224): include('C:\\appraporsmaref25\\wwwroot\\app\\Views\\layouts\\thema_admin.php')
 3 SYSTEMPATH\View\View.php(227): CodeIgniter\View\View->CodeIgniter\View\{closure}()
 4 SYSTEMPATH\Common.php(1173): CodeIgniter\View\View->render()
 5 APPPATH\Controllers\Dashboard.php(0): view()
 6 SYSTEMPATH\CodeIgniter.php(933): App\Controllers\Dashboard->aplikasi_crash()
 7 SYSTEMPATH\CodeIgniter.php(507): CodeIgniter\CodeIgniter->runController()
 8 SYSTEMPATH\CodeIgniter.php(354): CodeIgniter\CodeIgniter->handleRequest()
 9 SYSTEMPATH\Boot.php(334): CodeIgniter\CodeIgniter->run()
10 SYSTEMPATH\Boot.php(67): CodeIgniter\Boot::runCodeIgniter()
11 FCPATH\index.php(56): CodeIgniter\Boot::bootWeb()
